{
  "version": "1.5.0",
  "plugins_used": [
    {
      "name": "ArtifactoryDetector"
    },
    {
      "name": "AWSKeyDetector"
    },
    {
      "name": "AzureStorageKeyDetector"
    },
    {
      "name": "Base64HighEntropyString",
      "limit": 4.5
    },
    {
      "name": "BasicAuthDetector"
    },
    {
      "name": "CloudantDetector"
    },
    {
      "name": "DiscordBotTokenDetector"
    },
    {
      "name": "GitHubTokenDetector"
    },
    {
      "name": "GitLabTokenDetector"
    },
    {
      "name": "HexHighEntropyString",
      "limit": 3.0
    },
    {
      "name": "IbmCloudIamDetector"
    },
    {
      "name": "IbmCosHmacDetector"
    },
    {
      "name": "IPPublicDetector"
    },
    {
      "name": "JwtTokenDetector"
    },
    {
      "name": "KeywordDetector",
      "keyword_exclude": ""
    },
    {
      "name": "MailchimpDetector"
    },
    {
      "name": "NpmDetector"
    },
    {
      "name": "OpenAIDetector"
    },
    {
      "name": "PrivateKeyDetector"
    },
    {
      "name": "PypiTokenDetector"
    },
    {
      "name": "SendGridDetector"
    },
    {
      "name": "SlackDetector"
    },
    {
      "name": "SoftlayerDetector"
    },
    {
      "name": "SquareOAuthDetector"
    },
    {
      "name": "StripeDetector"
    },
    {
      "name": "TelegramBotTokenDetector"
    },
    {
      "name": "TwilioKeyDetector"
    }
  ],
  "filters_used": [
    {
      "path": "detect_secrets.filters.allowlist.is_line_allowlisted"
    },
    {
      "path": "detect_secrets.filters.common.is_baseline_file",
      "filename": ".secrets.baseline"
    },
    {
      "path": "detect_secrets.filters.common.is_ignored_due_to_verification_policies",
      "min_level": 2
    },
    {
      "path": "detect_secrets.filters.heuristic.is_indirect_reference"
    },
    {
      "path": "detect_secrets.filters.heuristic.is_likely_id_string"
    },
    {
      "path": "detect_secrets.filters.heuristic.is_lock_file"
    },
    {
      "path": "detect_secrets.filters.heuristic.is_not_alphanumeric_string"
    },
    {
      "path": "detect_secrets.filters.heuristic.is_potential_uuid"
    },
    {
      "path": "detect_secrets.filters.heuristic.is_prefixed_with_dollar_sign"
    },
    {
      "path": "detect_secrets.filters.heuristic.is_sequential_string"
    },
    {
      "path": "detect_secrets.filters.heuristic.is_swagger_file"
    },
    {
      "path": "detect_secrets.filters.heuristic.is_templated_secret"
    },
    {
      "path": "detect_secrets.filters.regex.should_exclude_file",
      "pattern": [
        "outputs/operations/email-intelligence/state\\.json|outputs/operations/email-intelligence/_.*|\\.secrets\\.baseline|node_modules/|\\.venv|\\.corporate-repo/|\\.crm-central-repo/|docs/assets/.*\\.min\\.js"
      ]
    }
  ],
  "results": {
    ".claude/skills/playwright/scripts/pw.py": [
      {
        "type": "Basic Auth Credentials",
        "filename": ".claude/skills/playwright/scripts/pw.py",
        "hashed_secret": "9d4e1e23bd5b727046a9e3b4b7db57bd8d6ee684",
        "is_verified": false,
        "line_number": 691,
        "is_secret": false
      }
    ],
    ".claude/skills/skill-creator/eval-viewer/viewer.html": [
      {
        "type": "Base64 High Entropy String",
        "filename": ".claude/skills/skill-creator/eval-viewer/viewer.html",
        "hashed_secret": "9806cc8d4b9f35120264fbc2cb41344c76b331f7",
        "is_verified": false,
        "line_number": 10,
        "is_secret": false
      }
    ],
    "config/audit-rotation-ledger.json": [
      {
        "type": "Hex High Entropy String",
        "filename": "config/audit-rotation-ledger.json",
        "hashed_secret": "ae71c3859a0bc0829a25b909471ce87f69ed80f9",
        "is_verified": false,
        "line_number": 5
      },
      {
        "type": "Hex High Entropy String",
        "filename": "config/audit-rotation-ledger.json",
        "hashed_secret": "2efd6743be4b79708524c5fc1a5fb0f719ea5657",
        "is_verified": false,
        "line_number": 18
      },
      {
        "type": "Hex High Entropy String",
        "filename": "config/audit-rotation-ledger.json",
        "hashed_secret": "f5e4dafd58fabdd524f043a2ae4ed337e3c623ec",
        "is_verified": false,
        "line_number": 31
      },
      {
        "type": "Hex High Entropy String",
        "filename": "config/audit-rotation-ledger.json",
        "hashed_secret": "d6e35ce1487e61c4bfe82f421b11ea4d6091c9e9",
        "is_verified": false,
        "line_number": 44
      },
      {
        "type": "Hex High Entropy String",
        "filename": "config/audit-rotation-ledger.json",
        "hashed_secret": "2d8d6c3768c9d47c8f3591ed9e500c3002a486fc",
        "is_verified": false,
        "line_number": 57
      }
    ],
    "skills-lock.json": [
      {
        "type": "Hex High Entropy String",
        "filename": "skills-lock.json",
        "hashed_secret": "18aca3d47b39885b3b0998026a8427e16091a7f2",
        "is_verified": false,
        "line_number": 9
      }
    ]
  },
  "generated_at": "2026-09-05T10:08:33Z"
}
